// Jest Snapshot v1, https://goo.gl/fbAQLP

exports[`QuestionFormular - Test Renders without crashing 1`] = `
ShallowWrapper {
  Symbol(enzyme.__root__): [Circular],
  Symbol(enzyme.__unrendered__): <questionformular
    question={
      Object {
        "answers": Array [
          Object {
            "value": "",
          },
          Object {
            "value": "",
          },
          Object {
            "value": "",
          },
        ],
        "caseText": "",
        "image": null,
      }
    }
    rules={
      Object {
        "answer": Object {
          "required": true,
        },
        "caseText": Object {
          "required": false,
        },
        "description": Object {
          "required": true,
        },
        "question": Object {
          "required": true,
        },
        "questions": Object {
          "minLenght": 1,
        },
        "semester": Object {
          "required": true,
        },
        "subject": Object {
          "required": true,
        },
        "title": Object {
          "required": true,
        },
      }
    }
  />,
  Symbol(enzyme.__renderer__): Object {
    "batchedUpdates": [Function],
    "checkPropTypes": [Function],
    "getNode": [Function],
    "render": [Function],
    "simulateError": [Function],
    "simulateEvent": [Function],
    "unmount": [Function],
  },
  Symbol(enzyme.__node__): Object {
    "instance": null,
    "key": undefined,
    "nodeType": "function",
    "props": Object {
      "children": <div
        className="QuestionFormular"
        style={
          Object {
            "display": "grid",
            "gridRowGap": "30px",
            "gridTemplateColumns": "1fr 1fr",
            "gridTemplateRows": "100px 35px 35px 35px 35px auto",
          }
        }
      >
        <label
          style={
            Object {
              "gridColumnEnd": 3,
              "gridColumnStart": 1,
              "gridRow": 1,
            }
          }
        >
          Case (valgfrit):
          <textArea
            name="caseText"
            rules={
              Object {
                "required": false,
              }
            }
            value=""
          />
        </label>
        <label
          style={
            Object {
              "gridColumn": "1/3",
              "gridRow": 2,
            }
          }
        >
          Spørgsmål:
          <input
            autoComplete="off"
            name="question"
            rules={
              Object {
                "required": true,
              }
            }
          />
        </label>
        <label
          style={
            Object {
              "gridColumn": "1/3",
              "gridRow": 3,
            }
          }
        >
          Svar mulighed 1 (rigtigt svar):
          <input
            autoComplete="off"
            id={0}
            name="answer"
            rules={
              Object {
                "required": true,
              }
            }
            value=""
          />
        </label>
        <label
          style={
            Object {
              "gridColumn": "1/3",
              "gridRow": 4,
            }
          }
        >
          Svar mulighed 2:
          <input
            autoComplete="off"
            id={1}
            name="answers"
            rules={
              Object {
                "required": true,
              }
            }
            value=""
          />
        </label>
        <label
          style={
            Object {
              "gridColumn": "1/3",
              "gridRow": 5,
            }
          }
        >
          Svar mulighed 3:
          <input
            autoComplete="off"
            id={2}
            name="answer"
            rules={
              Object {
                "required": true,
              }
            }
            value=""
          />
        </label>
        <ImageUpload
          image={null}
          style={
            Object {
              "gridColumn": "1/2",
              "gridRow": 6,
              "marginTop": "5px",
              "maxHeight": "40px",
            }
          }
        />
      </div>,
    },
    "ref": null,
    "rendered": Object {
      "instance": null,
      "key": undefined,
      "nodeType": "host",
      "props": Object {
        "children": Array [
          <label
            style={
              Object {
                "gridColumnEnd": 3,
                "gridColumnStart": 1,
                "gridRow": 1,
              }
            }
          >
            Case (valgfrit):
            <textArea
              name="caseText"
              rules={
                Object {
                  "required": false,
                }
              }
              value=""
            />
          </label>,
          <label
            style={
              Object {
                "gridColumn": "1/3",
                "gridRow": 2,
              }
            }
          >
            Spørgsmål:
            <input
              autoComplete="off"
              name="question"
              rules={
                Object {
                  "required": true,
                }
              }
            />
          </label>,
          <label
            style={
              Object {
                "gridColumn": "1/3",
                "gridRow": 3,
              }
            }
          >
            Svar mulighed 1 (rigtigt svar):
            <input
              autoComplete="off"
              id={0}
              name="answer"
              rules={
                Object {
                  "required": true,
                }
              }
              value=""
            />
          </label>,
          <label
            style={
              Object {
                "gridColumn": "1/3",
                "gridRow": 4,
              }
            }
          >
            Svar mulighed 2:
            <input
              autoComplete="off"
              id={1}
              name="answers"
              rules={
                Object {
                  "required": true,
                }
              }
              value=""
            />
          </label>,
          <label
            style={
              Object {
                "gridColumn": "1/3",
                "gridRow": 5,
              }
            }
          >
            Svar mulighed 3:
            <input
              autoComplete="off"
              id={2}
              name="answer"
              rules={
                Object {
                  "required": true,
                }
              }
              value=""
            />
          </label>,
          <ImageUpload
            image={null}
            style={
              Object {
                "gridColumn": "1/2",
                "gridRow": 6,
                "marginTop": "5px",
                "maxHeight": "40px",
              }
            }
          />,
          null,
        ],
        "className": "QuestionFormular",
        "style": Object {
          "display": "grid",
          "gridRowGap": "30px",
          "gridTemplateColumns": "1fr 1fr",
          "gridTemplateRows": "100px 35px 35px 35px 35px auto",
        },
      },
      "ref": null,
      "rendered": Array [
        Object {
          "instance": null,
          "key": undefined,
          "nodeType": "host",
          "props": Object {
            "children": Array [
              "Case (valgfrit):",
              <textArea
                name="caseText"
                rules={
                  Object {
                    "required": false,
                  }
                }
                value=""
              />,
            ],
            "style": Object {
              "gridColumnEnd": 3,
              "gridColumnStart": 1,
              "gridRow": 1,
            },
          },
          "ref": null,
          "rendered": Array [
            "Case (valgfrit):",
            Object {
              "instance": null,
              "key": undefined,
              "nodeType": "function",
              "props": Object {
                "changed": undefined,
                "name": "caseText",
                "rules": Object {
                  "required": false,
                },
                "showValidity": undefined,
                "value": "",
              },
              "ref": null,
              "rendered": null,
              "type": [Function],
            },
          ],
          "type": "label",
        },
        Object {
          "instance": null,
          "key": undefined,
          "nodeType": "host",
          "props": Object {
            "children": Array [
              "Spørgsmål:",
              <input
                autoComplete="off"
                name="question"
                rules={
                  Object {
                    "required": true,
                  }
                }
              />,
            ],
            "style": Object {
              "gridColumn": "1/3",
              "gridRow": 2,
            },
          },
          "ref": null,
          "rendered": Array [
            "Spørgsmål:",
            Object {
              "instance": null,
              "key": undefined,
              "nodeType": "function",
              "props": Object {
                "autoComplete": "off",
                "changed": undefined,
                "name": "question",
                "rules": Object {
                  "required": true,
                },
                "showValidity": undefined,
                "value": undefined,
              },
              "ref": null,
              "rendered": null,
              "type": [Function],
            },
          ],
          "type": "label",
        },
        Object {
          "instance": null,
          "key": undefined,
          "nodeType": "host",
          "props": Object {
            "children": Array [
              "Svar mulighed 1 (rigtigt svar):",
              <input
                autoComplete="off"
                id={0}
                name="answer"
                rules={
                  Object {
                    "required": true,
                  }
                }
                value=""
              />,
            ],
            "style": Object {
              "gridColumn": "1/3",
              "gridRow": 3,
            },
          },
          "ref": null,
          "rendered": Array [
            "Svar mulighed 1 (rigtigt svar):",
            Object {
              "instance": null,
              "key": undefined,
              "nodeType": "function",
              "props": Object {
                "autoComplete": "off",
                "changed": undefined,
                "id": 0,
                "name": "answer",
                "rules": Object {
                  "required": true,
                },
                "showValidity": undefined,
                "value": "",
              },
              "ref": null,
              "rendered": null,
              "type": [Function],
            },
          ],
          "type": "label",
        },
        Object {
          "instance": null,
          "key": undefined,
          "nodeType": "host",
          "props": Object {
            "children": Array [
              "Svar mulighed 2:",
              <input
                autoComplete="off"
                id={1}
                name="answers"
                rules={
                  Object {
                    "required": true,
                  }
                }
                value=""
              />,
            ],
            "style": Object {
              "gridColumn": "1/3",
              "gridRow": 4,
            },
          },
          "ref": null,
          "rendered": Array [
            "Svar mulighed 2:",
            Object {
              "instance": null,
              "key": undefined,
              "nodeType": "function",
              "props": Object {
                "autoComplete": "off",
                "changed": undefined,
                "id": 1,
                "name": "answers",
                "rules": Object {
                  "required": true,
                },
                "showValidity": undefined,
                "value": "",
              },
              "ref": null,
              "rendered": null,
              "type": [Function],
            },
          ],
          "type": "label",
        },
        Object {
          "instance": null,
          "key": undefined,
          "nodeType": "host",
          "props": Object {
            "children": Array [
              "Svar mulighed 3:",
              <input
                autoComplete="off"
                id={2}
                name="answer"
                rules={
                  Object {
                    "required": true,
                  }
                }
                value=""
              />,
            ],
            "style": Object {
              "gridColumn": "1/3",
              "gridRow": 5,
            },
          },
          "ref": null,
          "rendered": Array [
            "Svar mulighed 3:",
            Object {
              "instance": null,
              "key": undefined,
              "nodeType": "function",
              "props": Object {
                "autoComplete": "off",
                "changed": undefined,
                "id": 2,
                "name": "answer",
                "rules": Object {
                  "required": true,
                },
                "showValidity": undefined,
                "value": "",
              },
              "ref": null,
              "rendered": null,
              "type": [Function],
            },
          ],
          "type": "label",
        },
        Object {
          "instance": null,
          "key": undefined,
          "nodeType": "class",
          "props": Object {
            "image": null,
            "onDelete": undefined,
            "onSubmit": undefined,
            "style": Object {
              "gridColumn": "1/2",
              "gridRow": 6,
              "marginTop": "5px",
              "maxHeight": "40px",
            },
          },
          "ref": null,
          "rendered": null,
          "type": [Function],
        },
        null,
      ],
      "type": "div",
    },
    "type": [Function],
  },
  Symbol(enzyme.__nodes__): Array [
    Object {
      "instance": null,
      "key": undefined,
      "nodeType": "function",
      "props": Object {
        "children": <div
          className="QuestionFormular"
          style={
            Object {
              "display": "grid",
              "gridRowGap": "30px",
              "gridTemplateColumns": "1fr 1fr",
              "gridTemplateRows": "100px 35px 35px 35px 35px auto",
            }
          }
        >
          <label
            style={
              Object {
                "gridColumnEnd": 3,
                "gridColumnStart": 1,
                "gridRow": 1,
              }
            }
          >
            Case (valgfrit):
            <textArea
              name="caseText"
              rules={
                Object {
                  "required": false,
                }
              }
              value=""
            />
          </label>
          <label
            style={
              Object {
                "gridColumn": "1/3",
                "gridRow": 2,
              }
            }
          >
            Spørgsmål:
            <input
              autoComplete="off"
              name="question"
              rules={
                Object {
                  "required": true,
                }
              }
            />
          </label>
          <label
            style={
              Object {
                "gridColumn": "1/3",
                "gridRow": 3,
              }
            }
          >
            Svar mulighed 1 (rigtigt svar):
            <input
              autoComplete="off"
              id={0}
              name="answer"
              rules={
                Object {
                  "required": true,
                }
              }
              value=""
            />
          </label>
          <label
            style={
              Object {
                "gridColumn": "1/3",
                "gridRow": 4,
              }
            }
          >
            Svar mulighed 2:
            <input
              autoComplete="off"
              id={1}
              name="answers"
              rules={
                Object {
                  "required": true,
                }
              }
              value=""
            />
          </label>
          <label
            style={
              Object {
                "gridColumn": "1/3",
                "gridRow": 5,
              }
            }
          >
            Svar mulighed 3:
            <input
              autoComplete="off"
              id={2}
              name="answer"
              rules={
                Object {
                  "required": true,
                }
              }
              value=""
            />
          </label>
          <ImageUpload
            image={null}
            style={
              Object {
                "gridColumn": "1/2",
                "gridRow": 6,
                "marginTop": "5px",
                "maxHeight": "40px",
              }
            }
          />
        </div>,
      },
      "ref": null,
      "rendered": Object {
        "instance": null,
        "key": undefined,
        "nodeType": "host",
        "props": Object {
          "children": Array [
            <label
              style={
                Object {
                  "gridColumnEnd": 3,
                  "gridColumnStart": 1,
                  "gridRow": 1,
                }
              }
            >
              Case (valgfrit):
              <textArea
                name="caseText"
                rules={
                  Object {
                    "required": false,
                  }
                }
                value=""
              />
            </label>,
            <label
              style={
                Object {
                  "gridColumn": "1/3",
                  "gridRow": 2,
                }
              }
            >
              Spørgsmål:
              <input
                autoComplete="off"
                name="question"
                rules={
                  Object {
                    "required": true,
                  }
                }
              />
            </label>,
            <label
              style={
                Object {
                  "gridColumn": "1/3",
                  "gridRow": 3,
                }
              }
            >
              Svar mulighed 1 (rigtigt svar):
              <input
                autoComplete="off"
                id={0}
                name="answer"
                rules={
                  Object {
                    "required": true,
                  }
                }
                value=""
              />
            </label>,
            <label
              style={
                Object {
                  "gridColumn": "1/3",
                  "gridRow": 4,
                }
              }
            >
              Svar mulighed 2:
              <input
                autoComplete="off"
                id={1}
                name="answers"
                rules={
                  Object {
                    "required": true,
                  }
                }
                value=""
              />
            </label>,
            <label
              style={
                Object {
                  "gridColumn": "1/3",
                  "gridRow": 5,
                }
              }
            >
              Svar mulighed 3:
              <input
                autoComplete="off"
                id={2}
                name="answer"
                rules={
                  Object {
                    "required": true,
                  }
                }
                value=""
              />
            </label>,
            <ImageUpload
              image={null}
              style={
                Object {
                  "gridColumn": "1/2",
                  "gridRow": 6,
                  "marginTop": "5px",
                  "maxHeight": "40px",
                }
              }
            />,
            null,
          ],
          "className": "QuestionFormular",
          "style": Object {
            "display": "grid",
            "gridRowGap": "30px",
            "gridTemplateColumns": "1fr 1fr",
            "gridTemplateRows": "100px 35px 35px 35px 35px auto",
          },
        },
        "ref": null,
        "rendered": Array [
          Object {
            "instance": null,
            "key": undefined,
            "nodeType": "host",
            "props": Object {
              "children": Array [
                "Case (valgfrit):",
                <textArea
                  name="caseText"
                  rules={
                    Object {
                      "required": false,
                    }
                  }
                  value=""
                />,
              ],
              "style": Object {
                "gridColumnEnd": 3,
                "gridColumnStart": 1,
                "gridRow": 1,
              },
            },
            "ref": null,
            "rendered": Array [
              "Case (valgfrit):",
              Object {
                "instance": null,
                "key": undefined,
                "nodeType": "function",
                "props": Object {
                  "changed": undefined,
                  "name": "caseText",
                  "rules": Object {
                    "required": false,
                  },
                  "showValidity": undefined,
                  "value": "",
                },
                "ref": null,
                "rendered": null,
                "type": [Function],
              },
            ],
            "type": "label",
          },
          Object {
            "instance": null,
            "key": undefined,
            "nodeType": "host",
            "props": Object {
              "children": Array [
                "Spørgsmål:",
                <input
                  autoComplete="off"
                  name="question"
                  rules={
                    Object {
                      "required": true,
                    }
                  }
                />,
              ],
              "style": Object {
                "gridColumn": "1/3",
                "gridRow": 2,
              },
            },
            "ref": null,
            "rendered": Array [
              "Spørgsmål:",
              Object {
                "instance": null,
                "key": undefined,
                "nodeType": "function",
                "props": Object {
                  "autoComplete": "off",
                  "changed": undefined,
                  "name": "question",
                  "rules": Object {
                    "required": true,
                  },
                  "showValidity": undefined,
                  "value": undefined,
                },
                "ref": null,
                "rendered": null,
                "type": [Function],
              },
            ],
            "type": "label",
          },
          Object {
            "instance": null,
            "key": undefined,
            "nodeType": "host",
            "props": Object {
              "children": Array [
                "Svar mulighed 1 (rigtigt svar):",
                <input
                  autoComplete="off"
                  id={0}
                  name="answer"
                  rules={
                    Object {
                      "required": true,
                    }
                  }
                  value=""
                />,
              ],
              "style": Object {
                "gridColumn": "1/3",
                "gridRow": 3,
              },
            },
            "ref": null,
            "rendered": Array [
              "Svar mulighed 1 (rigtigt svar):",
              Object {
                "instance": null,
                "key": undefined,
                "nodeType": "function",
                "props": Object {
                  "autoComplete": "off",
                  "changed": undefined,
                  "id": 0,
                  "name": "answer",
                  "rules": Object {
                    "required": true,
                  },
                  "showValidity": undefined,
                  "value": "",
                },
                "ref": null,
                "rendered": null,
                "type": [Function],
              },
            ],
            "type": "label",
          },
          Object {
            "instance": null,
            "key": undefined,
            "nodeType": "host",
            "props": Object {
              "children": Array [
                "Svar mulighed 2:",
                <input
                  autoComplete="off"
                  id={1}
                  name="answers"
                  rules={
                    Object {
                      "required": true,
                    }
                  }
                  value=""
                />,
              ],
              "style": Object {
                "gridColumn": "1/3",
                "gridRow": 4,
              },
            },
            "ref": null,
            "rendered": Array [
              "Svar mulighed 2:",
              Object {
                "instance": null,
                "key": undefined,
                "nodeType": "function",
                "props": Object {
                  "autoComplete": "off",
                  "changed": undefined,
                  "id": 1,
                  "name": "answers",
                  "rules": Object {
                    "required": true,
                  },
                  "showValidity": undefined,
                  "value": "",
                },
                "ref": null,
                "rendered": null,
                "type": [Function],
              },
            ],
            "type": "label",
          },
          Object {
            "instance": null,
            "key": undefined,
            "nodeType": "host",
            "props": Object {
              "children": Array [
                "Svar mulighed 3:",
                <input
                  autoComplete="off"
                  id={2}
                  name="answer"
                  rules={
                    Object {
                      "required": true,
                    }
                  }
                  value=""
                />,
              ],
              "style": Object {
                "gridColumn": "1/3",
                "gridRow": 5,
              },
            },
            "ref": null,
            "rendered": Array [
              "Svar mulighed 3:",
              Object {
                "instance": null,
                "key": undefined,
                "nodeType": "function",
                "props": Object {
                  "autoComplete": "off",
                  "changed": undefined,
                  "id": 2,
                  "name": "answer",
                  "rules": Object {
                    "required": true,
                  },
                  "showValidity": undefined,
                  "value": "",
                },
                "ref": null,
                "rendered": null,
                "type": [Function],
              },
            ],
            "type": "label",
          },
          Object {
            "instance": null,
            "key": undefined,
            "nodeType": "class",
            "props": Object {
              "image": null,
              "onDelete": undefined,
              "onSubmit": undefined,
              "style": Object {
                "gridColumn": "1/2",
                "gridRow": 6,
                "marginTop": "5px",
                "maxHeight": "40px",
              },
            },
            "ref": null,
            "rendered": null,
            "type": [Function],
          },
          null,
        ],
        "type": "div",
      },
      "type": [Function],
    },
  ],
  Symbol(enzyme.__options__): Object {
    "adapter": ReactSixteenAdapter {
      "options": Object {
        "enableComponentDidUpdateOnSetState": true,
        "legacyContextMode": "parent",
        "lifecycles": Object {
          "componentDidUpdate": Object {
            "onSetState": true,
          },
          "getChildContext": Object {
            "calledByRenderer": false,
          },
          "getDerivedStateFromProps": Object {
            "hasShouldComponentUpdateBug": false,
          },
          "getSnapshotBeforeUpdate": true,
          "setState": Object {
            "skipsComponentDidUpdateOnNullish": true,
          },
        },
      },
    },
  },
}
`;
